// Jest Snapshot v1, https://goo.gl/fbAQLP

exports[`Widget default snapshot 1`] = `
Object {
  "Parameters": Object {
    "BootstrapVersion": Object {
      "Default": "/cdk-bootstrap/hnb659fds/version",
      "Description": "Version of the CDK Bootstrap resources in this environment, automatically retrieved from SSM Parameter Store. [cdk:skip]",
      "Type": "AWS::SSM::Parameter::Value<String>",
    },
    "SsmParameterValueSomeOtherAppSomeOtherStackFooBardistributionIdC96584B6F00A464EAD1953AFF4B05118Parameter": Object {
      "Default": "/SomeOtherApp/SomeOtherStack/FooBar/distributionId",
      "Type": "AWS::SSM::Parameter::Value<String>",
    },
  },
  "Resources": Object {
    "TestKey4BC8CF8E": Object {
      "DeletionPolicy": "Delete",
      "Properties": Object {
        "KeyPolicy": Object {
          "Statement": Array [
            Object {
              "Action": "kms:*",
              "Effect": "Allow",
              "Principal": Object {
                "AWS": Object {
                  "Fn::Join": Array [
                    "",
                    Array [
                      "arn:",
                      Object {
                        "Ref": "AWS::Partition",
                      },
                      ":iam::469006742758:root",
                    ],
                  ],
                },
              },
              "Resource": "*",
            },
          ],
          "Version": "2012-10-17",
        },
        "Tags": Array [
          Object {
            "Key": "Business Unit",
            "Value": "product",
          },
          Object {
            "Key": "Confidentiality",
            "Value": "public",
          },
          Object {
            "Key": "DATADOG",
            "Value": "true",
          },
          Object {
            "Key": "Environment",
            "Value": "production",
          },
          Object {
            "Key": "Role",
            "Value": "app",
          },
          Object {
            "Key": "Service",
            "Value": "Test",
          },
        ],
      },
      "Type": "AWS::KMS::Key",
      "UpdateReplacePolicy": "Delete",
    },
    "TestPolicyAC2892FA": Object {
      "Properties": Object {
        "Description": "",
        "ManagedPolicyName": "fakeName",
        "Path": "/",
        "PolicyDocument": Object {
          "Statement": Array [
            Object {
              "Action": "kms:Decrypt*",
              "Effect": "Allow",
              "Resource": Object {
                "Fn::GetAtt": Array [
                  "TestKey4BC8CF8E",
                  "Arn",
                ],
              },
              "Sid": "DescriptiveName",
            },
            Object {
              "Action": "cloudfront:CreateInvalidation",
              "Effect": "Allow",
              "Resource": Object {
                "Fn::Join": Array [
                  "",
                  Array [
                    "arn:aws:cloudfront::*:distribution/",
                    Object {
                      "Ref": "SsmParameterValueSomeOtherAppSomeOtherStackFooBardistributionIdC96584B6F00A464EAD1953AFF4B05118Parameter",
                    },
                  ],
                ],
              },
              "Sid": "GrantInvalidation",
            },
          ],
          "Version": "2012-10-17",
        },
      },
      "Type": "AWS::IAM::ManagedPolicy",
    },
  },
  "Rules": Object {
    "CheckBootstrapVersion": Object {
      "Assertions": Array [
        Object {
          "Assert": Object {
            "Fn::Not": Array [
              Object {
                "Fn::Contains": Array [
                  Array [
                    "1",
                    "2",
                    "3",
                    "4",
                    "5",
                  ],
                  Object {
                    "Ref": "BootstrapVersion",
                  },
                ],
              },
            ],
          },
          "AssertDescription": "CDK bootstrap stack version 6 required. Please run 'cdk bootstrap' with a recent version of the CDK CLI.",
        },
      ],
    },
  },
}
`;
